// Jest Snapshot v1, https://goo.gl/fbAQLP

exports[`An autocomplete component can be rendered: clicked result 1`] = `
<div>
  <div
    aria-expanded="false"
    class="MuiAutocomplete-root Mui-focused MuiAutocomplete-fullWidth MuiAutocomplete-hasClearIcon MuiAutocomplete-hasPopupIcon"
    name="name"
    role="combobox"
  >
    <div
      class="MuiFormControl-root MuiTextField-root MuiFormControl-fullWidth"
    >
      <label
        class="MuiFormLabel-root MuiInputLabel-root MuiInputLabel-formControl MuiInputLabel-animated MuiInputLabel-shrink MuiInputLabel-outlined MuiFormLabel-filled Mui-focused Mui-focused Mui-required Mui-required"
        data-shrink="true"
        for="name"
        id="name-label"
      >
        Owner
        <span
          aria-hidden="true"
          class="MuiFormLabel-asterisk MuiInputLabel-asterisk"
        >
           
          *
        </span>
      </label>
      <div
        class="MuiInputBase-root MuiOutlinedInput-root MuiAutocomplete-inputRoot MuiInputBase-fullWidth Mui-focused Mui-focused MuiInputBase-formControl MuiInputBase-adornedStart MuiOutlinedInput-adornedStart MuiInputBase-adornedEnd MuiOutlinedInput-adornedEnd"
      >
        <div
          class="MuiInputAdornment-root MuiInputAdornment-positionStart"
        >
          <p
            class="MuiTypography-root MuiTypography-body1 MuiTypography-colorTextSecondary"
          >
            @
          </p>
        </div>
        <input
          aria-autocomplete="list"
          aria-describedby="name-helper-text"
          aria-invalid="false"
          autocapitalize="none"
          autocomplete="off"
          class="MuiInputBase-input MuiOutlinedInput-input MuiAutocomplete-input MuiAutocomplete-inputFocused MuiInputBase-inputAdornedStart MuiOutlinedInput-inputAdornedStart MuiInputBase-inputAdornedEnd MuiOutlinedInput-inputAdornedEnd"
          id="name"
          placeholder="wp_username"
          required=""
          spellcheck="false"
          type="text"
          value="stuff"
        />
        <div
          class="MuiAutocomplete-endAdornment"
        >
          <button
            aria-label="Clear"
            class="MuiButtonBase-root MuiIconButton-root MuiAutocomplete-clearIndicator MuiAutocomplete-clearIndicatorDirty"
            tabindex="-1"
            title="Clear"
            type="button"
          >
            <span
              class="MuiIconButton-label"
            >
              <svg
                aria-hidden="true"
                class="MuiSvgIcon-root MuiSvgIcon-fontSizeSmall"
                focusable="false"
                viewBox="0 0 24 24"
              >
                <path
                  d="M19 6.41L17.59 5 12 10.59 6.41 5 5 6.41 10.59 12 5 17.59 6.41 19 12 13.41 17.59 19 19 17.59 13.41 12z"
                />
              </svg>
            </span>
            <span
              class="MuiTouchRipple-root"
            />
          </button>
          <button
            aria-label="Open"
            class="MuiButtonBase-root MuiIconButton-root MuiAutocomplete-popupIndicator"
            tabindex="-1"
            title="Open"
            type="button"
          >
            <span
              class="MuiIconButton-label"
            >
              <svg
                aria-hidden="true"
                class="MuiSvgIcon-root"
                focusable="false"
                viewBox="0 0 24 24"
              >
                <path
                  d="M7 10l5 5 5-5z"
                />
              </svg>
            </span>
            <span
              class="MuiTouchRipple-root"
            />
          </button>
        </div>
        <fieldset
          aria-hidden="true"
          class="PrivateNotchedOutline-root-1 MuiOutlinedInput-notchedOutline"
        >
          <legend
            class="PrivateNotchedOutline-legendLabelled-3 PrivateNotchedOutline-legendNotched-4"
          >
            <span>
              Owner
               *
            </span>
          </legend>
        </fieldset>
      </div>
      <p
        class="MuiFormHelperText-root MuiFormHelperText-contained MuiFormHelperText-filled Mui-focused Mui-required"
        id="name-helper-text"
      >
        Use WordPress.com username.
      </p>
    </div>
  </div>
</div>
`;

exports[`An autocomplete component can be rendered: clicked textbox 1`] = `
<div>
  <div
    aria-expanded="false"
    class="MuiAutocomplete-root Mui-focused MuiAutocomplete-fullWidth MuiAutocomplete-hasClearIcon MuiAutocomplete-hasPopupIcon"
    name="name"
    role="combobox"
  >
    <div
      class="MuiFormControl-root MuiTextField-root MuiFormControl-fullWidth"
    >
      <label
        class="MuiFormLabel-root MuiInputLabel-root MuiInputLabel-formControl MuiInputLabel-animated MuiInputLabel-shrink MuiInputLabel-outlined MuiFormLabel-filled Mui-focused Mui-focused Mui-required Mui-required"
        data-shrink="true"
        for="name"
        id="name-label"
      >
        Owner
        <span
          aria-hidden="true"
          class="MuiFormLabel-asterisk MuiInputLabel-asterisk"
        >
           
          *
        </span>
      </label>
      <div
        class="MuiInputBase-root MuiOutlinedInput-root MuiAutocomplete-inputRoot MuiInputBase-fullWidth Mui-focused Mui-focused MuiInputBase-formControl MuiInputBase-adornedStart MuiOutlinedInput-adornedStart MuiInputBase-adornedEnd MuiOutlinedInput-adornedEnd"
      >
        <div
          class="MuiInputAdornment-root MuiInputAdornment-positionStart"
        >
          <p
            class="MuiTypography-root MuiTypography-body1 MuiTypography-colorTextSecondary"
          >
            @
          </p>
        </div>
        <input
          aria-autocomplete="list"
          aria-describedby="name-helper-text"
          aria-invalid="false"
          autocapitalize="none"
          autocomplete="off"
          class="MuiInputBase-input MuiOutlinedInput-input MuiAutocomplete-input MuiAutocomplete-inputFocused MuiInputBase-inputAdornedStart MuiOutlinedInput-inputAdornedStart MuiInputBase-inputAdornedEnd MuiOutlinedInput-inputAdornedEnd"
          id="name"
          placeholder="wp_username"
          required=""
          spellcheck="false"
          type="text"
          value="other_stuff"
        />
        <div
          class="MuiAutocomplete-endAdornment"
        >
          <button
            aria-label="Clear"
            class="MuiButtonBase-root MuiIconButton-root MuiAutocomplete-clearIndicator MuiAutocomplete-clearIndicatorDirty"
            tabindex="-1"
            title="Clear"
            type="button"
          >
            <span
              class="MuiIconButton-label"
            >
              <svg
                aria-hidden="true"
                class="MuiSvgIcon-root MuiSvgIcon-fontSizeSmall"
                focusable="false"
                viewBox="0 0 24 24"
              >
                <path
                  d="M19 6.41L17.59 5 12 10.59 6.41 5 5 6.41 10.59 12 5 17.59 6.41 19 12 13.41 17.59 19 19 17.59 13.41 12z"
                />
              </svg>
            </span>
            <span
              class="MuiTouchRipple-root"
            />
          </button>
          <button
            aria-label="Open"
            class="MuiButtonBase-root MuiIconButton-root MuiAutocomplete-popupIndicator"
            tabindex="-1"
            title="Open"
            type="button"
          >
            <span
              class="MuiIconButton-label"
            >
              <svg
                aria-hidden="true"
                class="MuiSvgIcon-root"
                focusable="false"
                viewBox="0 0 24 24"
              >
                <path
                  d="M7 10l5 5 5-5z"
                />
              </svg>
            </span>
            <span
              class="MuiTouchRipple-root"
            />
          </button>
        </div>
        <fieldset
          aria-hidden="true"
          class="PrivateNotchedOutline-root-1 MuiOutlinedInput-notchedOutline"
        >
          <legend
            class="PrivateNotchedOutline-legendLabelled-3 PrivateNotchedOutline-legendNotched-4"
          >
            <span>
              Owner
               *
            </span>
          </legend>
        </fieldset>
      </div>
      <p
        class="MuiFormHelperText-root MuiFormHelperText-contained MuiFormHelperText-filled Mui-focused Mui-required"
        id="name-helper-text"
      >
        Use WordPress.com username.
      </p>
    </div>
  </div>
</div>
`;

exports[`An autocomplete component can be rendered: ensure stuff is selected 1`] = `
<div>
  <div
    aria-expanded="false"
    class="MuiAutocomplete-root Mui-focused MuiAutocomplete-fullWidth MuiAutocomplete-hasClearIcon MuiAutocomplete-hasPopupIcon"
    name="name"
    role="combobox"
  >
    <div
      class="MuiFormControl-root MuiTextField-root MuiFormControl-fullWidth"
    >
      <label
        class="MuiFormLabel-root MuiInputLabel-root MuiInputLabel-formControl MuiInputLabel-animated MuiInputLabel-shrink MuiInputLabel-outlined MuiFormLabel-filled Mui-focused Mui-focused Mui-required Mui-required"
        data-shrink="true"
        for="name"
        id="name-label"
      >
        Owner
        <span
          aria-hidden="true"
          class="MuiFormLabel-asterisk MuiInputLabel-asterisk"
        >
           
          *
        </span>
      </label>
      <div
        class="MuiInputBase-root MuiOutlinedInput-root MuiAutocomplete-inputRoot MuiInputBase-fullWidth Mui-focused Mui-focused MuiInputBase-formControl MuiInputBase-adornedStart MuiOutlinedInput-adornedStart MuiInputBase-adornedEnd MuiOutlinedInput-adornedEnd"
      >
        <div
          class="MuiInputAdornment-root MuiInputAdornment-positionStart"
        >
          <p
            class="MuiTypography-root MuiTypography-body1 MuiTypography-colorTextSecondary"
          >
            @
          </p>
        </div>
        <input
          aria-autocomplete="list"
          aria-describedby="name-helper-text"
          aria-invalid="false"
          autocapitalize="none"
          autocomplete="off"
          class="MuiInputBase-input MuiOutlinedInput-input MuiAutocomplete-input MuiAutocomplete-inputFocused MuiInputBase-inputAdornedStart MuiOutlinedInput-inputAdornedStart MuiInputBase-inputAdornedEnd MuiOutlinedInput-inputAdornedEnd"
          id="name"
          placeholder="wp_username"
          required=""
          spellcheck="false"
          type="text"
          value="stuff"
        />
        <div
          class="MuiAutocomplete-endAdornment"
        >
          <button
            aria-label="Clear"
            class="MuiButtonBase-root MuiIconButton-root MuiAutocomplete-clearIndicator MuiAutocomplete-clearIndicatorDirty"
            tabindex="-1"
            title="Clear"
            type="button"
          >
            <span
              class="MuiIconButton-label"
            >
              <svg
                aria-hidden="true"
                class="MuiSvgIcon-root MuiSvgIcon-fontSizeSmall"
                focusable="false"
                viewBox="0 0 24 24"
              >
                <path
                  d="M19 6.41L17.59 5 12 10.59 6.41 5 5 6.41 10.59 12 5 17.59 6.41 19 12 13.41 17.59 19 19 17.59 13.41 12z"
                />
              </svg>
            </span>
            <span
              class="MuiTouchRipple-root"
            />
          </button>
          <button
            aria-label="Open"
            class="MuiButtonBase-root MuiIconButton-root MuiAutocomplete-popupIndicator"
            tabindex="-1"
            title="Open"
            type="button"
          >
            <span
              class="MuiIconButton-label"
            >
              <svg
                aria-hidden="true"
                class="MuiSvgIcon-root"
                focusable="false"
                viewBox="0 0 24 24"
              >
                <path
                  d="M7 10l5 5 5-5z"
                />
              </svg>
            </span>
            <span
              class="MuiTouchRipple-root"
            />
          </button>
        </div>
        <fieldset
          aria-hidden="true"
          class="PrivateNotchedOutline-root-1 MuiOutlinedInput-notchedOutline"
        >
          <legend
            class="PrivateNotchedOutline-legendLabelled-3 PrivateNotchedOutline-legendNotched-4"
          >
            <span>
              Owner
               *
            </span>
          </legend>
        </fieldset>
      </div>
      <p
        class="MuiFormHelperText-root MuiFormHelperText-contained MuiFormHelperText-filled Mui-focused Mui-required"
        id="name-helper-text"
      >
        Use WordPress.com username.
      </p>
    </div>
  </div>
</div>
`;

exports[`An autocomplete component can be rendered: entered value 1`] = `
<div>
  <div
    aria-expanded="true"
    aria-owns="name-popup"
    class="MuiAutocomplete-root Mui-focused MuiAutocomplete-fullWidth MuiAutocomplete-hasClearIcon MuiAutocomplete-hasPopupIcon"
    name="name"
    role="combobox"
  >
    <div
      class="MuiFormControl-root MuiTextField-root MuiFormControl-fullWidth"
    >
      <label
        class="MuiFormLabel-root MuiInputLabel-root MuiInputLabel-formControl MuiInputLabel-animated MuiInputLabel-shrink MuiInputLabel-outlined MuiFormLabel-filled Mui-focused Mui-focused Mui-required Mui-required"
        data-shrink="true"
        for="name"
        id="name-label"
      >
        Owner
        <span
          aria-hidden="true"
          class="MuiFormLabel-asterisk MuiInputLabel-asterisk"
        >
           
          *
        </span>
      </label>
      <div
        class="MuiInputBase-root MuiOutlinedInput-root MuiAutocomplete-inputRoot MuiInputBase-fullWidth Mui-focused Mui-focused MuiInputBase-formControl MuiInputBase-adornedStart MuiOutlinedInput-adornedStart MuiInputBase-adornedEnd MuiOutlinedInput-adornedEnd"
      >
        <div
          class="MuiInputAdornment-root MuiInputAdornment-positionStart"
        >
          <p
            class="MuiTypography-root MuiTypography-body1 MuiTypography-colorTextSecondary"
          >
            @
          </p>
        </div>
        <input
          aria-activedescendant="name-option-1"
          aria-autocomplete="list"
          aria-controls="name-popup"
          aria-describedby="name-helper-text"
          aria-invalid="false"
          autocapitalize="none"
          autocomplete="off"
          class="MuiInputBase-input MuiOutlinedInput-input MuiAutocomplete-input MuiAutocomplete-inputFocused MuiInputBase-inputAdornedStart MuiOutlinedInput-inputAdornedStart MuiInputBase-inputAdornedEnd MuiOutlinedInput-inputAdornedEnd"
          id="name"
          placeholder="wp_username"
          required=""
          spellcheck="false"
          type="text"
          value="stuff"
        />
        <div
          class="MuiAutocomplete-endAdornment"
        >
          <button
            aria-label="Clear"
            class="MuiButtonBase-root MuiIconButton-root MuiAutocomplete-clearIndicator MuiAutocomplete-clearIndicatorDirty"
            tabindex="-1"
            title="Clear"
            type="button"
          >
            <span
              class="MuiIconButton-label"
            >
              <svg
                aria-hidden="true"
                class="MuiSvgIcon-root MuiSvgIcon-fontSizeSmall"
                focusable="false"
                viewBox="0 0 24 24"
              >
                <path
                  d="M19 6.41L17.59 5 12 10.59 6.41 5 5 6.41 10.59 12 5 17.59 6.41 19 12 13.41 17.59 19 19 17.59 13.41 12z"
                />
              </svg>
            </span>
            <span
              class="MuiTouchRipple-root"
            />
          </button>
          <button
            aria-label="Close"
            class="MuiButtonBase-root MuiIconButton-root MuiAutocomplete-popupIndicator MuiAutocomplete-popupIndicatorOpen"
            tabindex="-1"
            title="Close"
            type="button"
          >
            <span
              class="MuiIconButton-label"
            >
              <svg
                aria-hidden="true"
                class="MuiSvgIcon-root"
                focusable="false"
                viewBox="0 0 24 24"
              >
                <path
                  d="M7 10l5 5 5-5z"
                />
              </svg>
            </span>
            <span
              class="MuiTouchRipple-root"
            />
          </button>
        </div>
        <fieldset
          aria-hidden="true"
          class="PrivateNotchedOutline-root-1 MuiOutlinedInput-notchedOutline"
        >
          <legend
            class="PrivateNotchedOutline-legendLabelled-3 PrivateNotchedOutline-legendNotched-4"
          >
            <span>
              Owner
               *
            </span>
          </legend>
        </fieldset>
      </div>
      <p
        class="MuiFormHelperText-root MuiFormHelperText-contained MuiFormHelperText-filled Mui-focused Mui-required"
        id="name-helper-text"
      >
        Use WordPress.com username.
      </p>
    </div>
  </div>
</div>
`;

exports[`An autocomplete component can be rendered: initial render 1`] = `
<div>
  <div
    aria-expanded="false"
    class="MuiAutocomplete-root MuiAutocomplete-fullWidth MuiAutocomplete-hasClearIcon MuiAutocomplete-hasPopupIcon"
    name="name"
    role="combobox"
  >
    <div
      class="MuiFormControl-root MuiTextField-root MuiFormControl-fullWidth"
    >
      <label
        class="MuiFormLabel-root MuiInputLabel-root MuiInputLabel-formControl MuiInputLabel-animated MuiInputLabel-shrink MuiInputLabel-outlined MuiFormLabel-filled Mui-required Mui-required"
        data-shrink="true"
        for="name"
        id="name-label"
      >
        Owner
        <span
          aria-hidden="true"
          class="MuiFormLabel-asterisk MuiInputLabel-asterisk"
        >
           
          *
        </span>
      </label>
      <div
        class="MuiInputBase-root MuiOutlinedInput-root MuiAutocomplete-inputRoot MuiInputBase-fullWidth MuiInputBase-formControl MuiInputBase-adornedStart MuiOutlinedInput-adornedStart MuiInputBase-adornedEnd MuiOutlinedInput-adornedEnd"
      >
        <div
          class="MuiInputAdornment-root MuiInputAdornment-positionStart"
        >
          <p
            class="MuiTypography-root MuiTypography-body1 MuiTypography-colorTextSecondary"
          >
            @
          </p>
        </div>
        <input
          aria-autocomplete="list"
          aria-describedby="name-helper-text"
          aria-invalid="false"
          autocapitalize="none"
          autocomplete="off"
          class="MuiInputBase-input MuiOutlinedInput-input MuiAutocomplete-input MuiAutocomplete-inputFocused MuiInputBase-inputAdornedStart MuiOutlinedInput-inputAdornedStart MuiInputBase-inputAdornedEnd MuiOutlinedInput-inputAdornedEnd"
          id="name"
          placeholder="wp_username"
          required=""
          spellcheck="false"
          type="text"
          value="other_stuff"
        />
        <div
          class="MuiAutocomplete-endAdornment"
        >
          <button
            aria-label="Clear"
            class="MuiButtonBase-root MuiIconButton-root MuiAutocomplete-clearIndicator MuiAutocomplete-clearIndicatorDirty"
            tabindex="-1"
            title="Clear"
            type="button"
          >
            <span
              class="MuiIconButton-label"
            >
              <svg
                aria-hidden="true"
                class="MuiSvgIcon-root MuiSvgIcon-fontSizeSmall"
                focusable="false"
                viewBox="0 0 24 24"
              >
                <path
                  d="M19 6.41L17.59 5 12 10.59 6.41 5 5 6.41 10.59 12 5 17.59 6.41 19 12 13.41 17.59 19 19 17.59 13.41 12z"
                />
              </svg>
            </span>
            <span
              class="MuiTouchRipple-root"
            />
          </button>
          <button
            aria-label="Open"
            class="MuiButtonBase-root MuiIconButton-root MuiAutocomplete-popupIndicator"
            tabindex="-1"
            title="Open"
            type="button"
          >
            <span
              class="MuiIconButton-label"
            >
              <svg
                aria-hidden="true"
                class="MuiSvgIcon-root"
                focusable="false"
                viewBox="0 0 24 24"
              >
                <path
                  d="M7 10l5 5 5-5z"
                />
              </svg>
            </span>
            <span
              class="MuiTouchRipple-root"
            />
          </button>
        </div>
        <fieldset
          aria-hidden="true"
          class="PrivateNotchedOutline-root-1 MuiOutlinedInput-notchedOutline"
        >
          <legend
            class="PrivateNotchedOutline-legendLabelled-3 PrivateNotchedOutline-legendNotched-4"
          >
            <span>
              Owner
               *
            </span>
          </legend>
        </fieldset>
      </div>
      <p
        class="MuiFormHelperText-root MuiFormHelperText-contained MuiFormHelperText-filled Mui-required"
        id="name-helper-text"
      >
        Use WordPress.com username.
      </p>
    </div>
  </div>
</div>
`;

exports[`it shows as loading data: loading 1`] = `
<div>
  <div
    aria-expanded="false"
    class="MuiAutocomplete-root MuiAutocomplete-fullWidth MuiAutocomplete-hasClearIcon MuiAutocomplete-hasPopupIcon"
    name="name"
    role="combobox"
  >
    <div
      class="MuiFormControl-root MuiTextField-root MuiFormControl-fullWidth"
    >
      <label
        class="MuiFormLabel-root MuiInputLabel-root MuiInputLabel-formControl MuiInputLabel-animated MuiInputLabel-shrink MuiInputLabel-outlined MuiFormLabel-filled Mui-required Mui-required"
        data-shrink="true"
        for="name"
        id="name-label"
      >
        Owner
        <span
          aria-hidden="true"
          class="MuiFormLabel-asterisk MuiInputLabel-asterisk"
        >
           
          *
        </span>
      </label>
      <div
        class="MuiInputBase-root MuiOutlinedInput-root MuiAutocomplete-inputRoot MuiInputBase-fullWidth MuiInputBase-formControl MuiInputBase-adornedStart MuiOutlinedInput-adornedStart MuiInputBase-adornedEnd MuiOutlinedInput-adornedEnd"
      >
        <div
          class="MuiInputAdornment-root MuiInputAdornment-positionStart"
        >
          <p
            class="MuiTypography-root MuiTypography-body1 MuiTypography-colorTextSecondary"
          >
            @
          </p>
        </div>
        <input
          aria-autocomplete="list"
          aria-describedby="name-helper-text"
          aria-invalid="false"
          autocapitalize="none"
          autocomplete="off"
          class="MuiInputBase-input MuiOutlinedInput-input MuiAutocomplete-input MuiAutocomplete-inputFocused MuiInputBase-inputAdornedStart MuiOutlinedInput-inputAdornedStart MuiInputBase-inputAdornedEnd MuiOutlinedInput-inputAdornedEnd"
          id="name"
          placeholder="wp_username"
          required=""
          spellcheck="false"
          type="text"
          value="no_name"
        />
        <div
          class="MuiCircularProgress-root MuiCircularProgress-indeterminate"
          role="progressbar"
          style="width: 20px; height: 20px;"
        >
          <svg
            class="MuiCircularProgress-svg"
            viewBox="22 22 44 44"
          >
            <circle
              class="MuiCircularProgress-circle MuiCircularProgress-circleIndeterminate"
              cx="44"
              cy="44"
              fill="none"
              r="20.2"
              stroke-width="3.6"
            />
          </svg>
        </div>
        <div
          class="MuiAutocomplete-endAdornment"
        >
          <button
            aria-label="Clear"
            class="MuiButtonBase-root MuiIconButton-root MuiAutocomplete-clearIndicator MuiAutocomplete-clearIndicatorDirty"
            tabindex="-1"
            title="Clear"
            type="button"
          >
            <span
              class="MuiIconButton-label"
            >
              <svg
                aria-hidden="true"
                class="MuiSvgIcon-root MuiSvgIcon-fontSizeSmall"
                focusable="false"
                viewBox="0 0 24 24"
              >
                <path
                  d="M19 6.41L17.59 5 12 10.59 6.41 5 5 6.41 10.59 12 5 17.59 6.41 19 12 13.41 17.59 19 19 17.59 13.41 12z"
                />
              </svg>
            </span>
            <span
              class="MuiTouchRipple-root"
            />
          </button>
          <button
            aria-label="Open"
            class="MuiButtonBase-root MuiIconButton-root MuiAutocomplete-popupIndicator"
            tabindex="-1"
            title="Open"
            type="button"
          >
            <span
              class="MuiIconButton-label"
            >
              <svg
                aria-hidden="true"
                class="MuiSvgIcon-root"
                focusable="false"
                viewBox="0 0 24 24"
              >
                <path
                  d="M7 10l5 5 5-5z"
                />
              </svg>
            </span>
            <span
              class="MuiTouchRipple-root"
            />
          </button>
        </div>
        <fieldset
          aria-hidden="true"
          class="PrivateNotchedOutline-root-5 MuiOutlinedInput-notchedOutline"
        >
          <legend
            class="PrivateNotchedOutline-legendLabelled-7 PrivateNotchedOutline-legendNotched-8"
          >
            <span>
              Owner
               *
            </span>
          </legend>
        </fieldset>
      </div>
      <p
        class="MuiFormHelperText-root MuiFormHelperText-contained MuiFormHelperText-filled Mui-required"
        id="name-helper-text"
      >
        Use WordPress.com username.
      </p>
    </div>
  </div>
</div>
`;

exports[`null is a valid value: selected no value 1`] = `
<div>
  <div
    aria-expanded="false"
    class="MuiAutocomplete-root Mui-focused MuiAutocomplete-fullWidth MuiAutocomplete-hasClearIcon MuiAutocomplete-hasPopupIcon"
    name="name"
    role="combobox"
  >
    <div
      class="MuiFormControl-root MuiTextField-root MuiFormControl-fullWidth"
    >
      <label
        class="MuiFormLabel-root MuiInputLabel-root MuiInputLabel-formControl MuiInputLabel-animated MuiInputLabel-shrink MuiInputLabel-outlined Mui-focused Mui-focused Mui-required Mui-required"
        data-shrink="true"
        for="name"
        id="name-label"
      >
        Owner
        <span
          aria-hidden="true"
          class="MuiFormLabel-asterisk MuiInputLabel-asterisk"
        >
           
          *
        </span>
      </label>
      <div
        class="MuiInputBase-root MuiOutlinedInput-root MuiAutocomplete-inputRoot MuiInputBase-fullWidth Mui-focused Mui-focused MuiInputBase-formControl MuiInputBase-adornedStart MuiOutlinedInput-adornedStart MuiInputBase-adornedEnd MuiOutlinedInput-adornedEnd"
      >
        <div
          class="MuiInputAdornment-root MuiInputAdornment-positionStart"
        >
          <p
            class="MuiTypography-root MuiTypography-body1 MuiTypography-colorTextSecondary"
          >
            @
          </p>
        </div>
        <input
          aria-autocomplete="list"
          aria-describedby="name-helper-text"
          aria-invalid="false"
          autocapitalize="none"
          autocomplete="off"
          class="MuiInputBase-input MuiOutlinedInput-input MuiAutocomplete-input MuiAutocomplete-inputFocused MuiInputBase-inputAdornedStart MuiOutlinedInput-inputAdornedStart MuiInputBase-inputAdornedEnd MuiOutlinedInput-inputAdornedEnd"
          id="name"
          placeholder="wp_username"
          required=""
          spellcheck="false"
          type="text"
          value=""
        />
        <div
          class="MuiAutocomplete-endAdornment"
        >
          <button
            aria-label="Clear"
            class="MuiButtonBase-root MuiIconButton-root MuiAutocomplete-clearIndicator"
            tabindex="-1"
            title="Clear"
            type="button"
          >
            <span
              class="MuiIconButton-label"
            >
              <svg
                aria-hidden="true"
                class="MuiSvgIcon-root MuiSvgIcon-fontSizeSmall"
                focusable="false"
                viewBox="0 0 24 24"
              >
                <path
                  d="M19 6.41L17.59 5 12 10.59 6.41 5 5 6.41 10.59 12 5 17.59 6.41 19 12 13.41 17.59 19 19 17.59 13.41 12z"
                />
              </svg>
            </span>
            <span
              class="MuiTouchRipple-root"
            />
          </button>
          <button
            aria-label="Open"
            class="MuiButtonBase-root MuiIconButton-root MuiAutocomplete-popupIndicator"
            tabindex="-1"
            title="Open"
            type="button"
          >
            <span
              class="MuiIconButton-label"
            >
              <svg
                aria-hidden="true"
                class="MuiSvgIcon-root"
                focusable="false"
                viewBox="0 0 24 24"
              >
                <path
                  d="M7 10l5 5 5-5z"
                />
              </svg>
            </span>
            <span
              class="MuiTouchRipple-root"
            />
          </button>
        </div>
        <fieldset
          aria-hidden="true"
          class="PrivateNotchedOutline-root-9 MuiOutlinedInput-notchedOutline"
        >
          <legend
            class="PrivateNotchedOutline-legendLabelled-11 PrivateNotchedOutline-legendNotched-12"
          >
            <span>
              Owner
               *
            </span>
          </legend>
        </fieldset>
      </div>
      <p
        class="MuiFormHelperText-root MuiFormHelperText-contained Mui-focused Mui-required"
        id="name-helper-text"
      >
        Use WordPress.com username.
      </p>
    </div>
  </div>
</div>
`;
