// Jest Snapshot v1, https://goo.gl/fbAQLP

exports[`renders as expected 1`] = `
<div>
  <div
    class="makeStyles-root-1"
  >
    <h2
      class="MuiTypography-root-7 MuiTypography-h2-13 MuiTypography-gutterBottom-27"
    >
      Audience
    </h2>
    <div
      class="makeStyles-row-2"
    >
      <fieldset
        class="MuiFormControl-root-37"
      >
        <label
          class="MuiFormLabel-root-41 MuiFormLabel-filled-46 MuiFormLabel-required-47"
        >
          Platform
          <span
            aria-hidden="true"
            class="MuiFormLabel-asterisk-48"
          >
             
            *
          </span>
        </label>
        <div
          class="MuiInputBase-root-73 MuiInput-root-59 MuiInput-underline-64 MuiInputBase-formControl-74 MuiInput-formControl-60"
        >
          <div
            aria-haspopup="listbox"
            aria-labelledby="mui-component-select-experiment.platform"
            class="MuiSelect-root-49 MuiSelect-select-50 MuiSelect-selectMenu-53 MuiInputBase-input-84 MuiInput-input-69"
            id="mui-component-select-experiment.platform"
            role="button"
            tabindex="0"
          >
            WordPress.com
          </div>
          <input
            name="experiment.platform"
            type="hidden"
            value="wpcom"
          />
          <svg
            aria-hidden="true"
            class="MuiSvgIcon-root-91 MuiSelect-icon-55"
            focusable="false"
            viewBox="0 0 24 24"
          >
            <path
              d="M7 10l5 5 5-5z"
            />
          </svg>
        </div>
      </fieldset>
    </div>
    <div
      class="makeStyles-row-2"
    >
      <fieldset
        class="MuiFormControl-root-37"
      >
        <label
          class="MuiFormLabel-root-41 MuiFormLabel-required-47"
        >
          User types
          <span
            aria-hidden="true"
            class="MuiFormLabel-asterisk-48"
          >
             
            *
          </span>
        </label>
        <p
          class="MuiFormHelperText-root-104"
        >
          Types of users to include in experiment
        </p>
        <div
          class="MuiFormGroup-root-112"
          inputlabelprops="[object Object]"
          required=""
          role="radiogroup"
        >
          <label
            class="MuiFormControlLabel-root-114"
          >
            <span
              aria-disabled="false"
              class="MuiButtonBase-root-138 MuiIconButton-root-129 PrivateSwitchBase-root-125 MuiRadio-root-120 MuiRadio-colorSecondary-124 MuiIconButton-colorSecondary-134"
            >
              <span
                class="MuiIconButton-label-137"
              >
                <input
                  class="PrivateSwitchBase-input-128"
                  name="experiment.existingUsersAllowed"
                  type="radio"
                  value="false"
                />
                <div
                  class="PrivateRadioButtonIcon-root-141"
                >
                  <svg
                    aria-hidden="true"
                    class="MuiSvgIcon-root-91"
                    focusable="false"
                    viewBox="0 0 24 24"
                  >
                    <path
                      d="M12 2C6.48 2 2 6.48 2 12s4.48 10 10 10 10-4.48 10-10S17.52 2 12 2zm0 18c-4.42 0-8-3.58-8-8s3.58-8 8-8 8 3.58 8 8-3.58 8-8 8z"
                    />
                  </svg>
                  <svg
                    aria-hidden="true"
                    class="MuiSvgIcon-root-91 PrivateRadioButtonIcon-layer-142"
                    focusable="false"
                    viewBox="0 0 24 24"
                  >
                    <path
                      d="M8.465 8.465C9.37 7.56 10.62 7 12 7C14.76 7 17 9.24 17 12C17 13.38 16.44 14.63 15.535 15.535C14.63 16.44 13.38 17 12 17C9.24 17 7 14.76 7 12C7 10.62 7.56 9.37 8.465 8.465Z"
                    />
                  </svg>
                </div>
              </span>
              <span
                class="MuiTouchRipple-root-217"
              />
            </span>
            <span
              class="MuiTypography-root-7 MuiFormControlLabel-label-119 MuiTypography-body1-9"
            >
              New users only
            </span>
          </label>
          <label
            class="MuiFormControlLabel-root-114"
          >
            <span
              aria-disabled="false"
              class="MuiButtonBase-root-138 MuiIconButton-root-129 PrivateSwitchBase-root-125 MuiRadio-root-120 MuiRadio-colorSecondary-124 MuiIconButton-colorSecondary-134"
            >
              <span
                class="MuiIconButton-label-137"
              >
                <input
                  class="PrivateSwitchBase-input-128"
                  name="experiment.existingUsersAllowed"
                  type="radio"
                  value="true"
                />
                <div
                  class="PrivateRadioButtonIcon-root-141"
                >
                  <svg
                    aria-hidden="true"
                    class="MuiSvgIcon-root-91"
                    focusable="false"
                    viewBox="0 0 24 24"
                  >
                    <path
                      d="M12 2C6.48 2 2 6.48 2 12s4.48 10 10 10 10-4.48 10-10S17.52 2 12 2zm0 18c-4.42 0-8-3.58-8-8s3.58-8 8-8 8 3.58 8 8-3.58 8-8 8z"
                    />
                  </svg>
                  <svg
                    aria-hidden="true"
                    class="MuiSvgIcon-root-91 PrivateRadioButtonIcon-layer-142"
                    focusable="false"
                    viewBox="0 0 24 24"
                  >
                    <path
                      d="M8.465 8.465C9.37 7.56 10.62 7 12 7C14.76 7 17 9.24 17 12C17 13.38 16.44 14.63 15.535 15.535C14.63 16.44 13.38 17 12 17C9.24 17 7 14.76 7 12C7 10.62 7.56 9.37 8.465 8.465Z"
                    />
                  </svg>
                </div>
              </span>
              <span
                class="MuiTouchRipple-root-217"
              />
            </span>
            <span
              class="MuiTypography-root-7 MuiFormControlLabel-label-119 MuiTypography-body1-9"
            >
              All users (new + existing)
            </span>
          </label>
        </div>
      </fieldset>
    </div>
    <div
      class="makeStyles-row-2"
    >
      <fieldset
        class="MuiFormControl-root-37 makeStyles-segmentationFieldSet-4"
      >
        <label
          class="MuiFormLabel-root-41"
          for="segments-select"
        >
          Targeting
        </label>
        <p
          class="MuiFormHelperText-root-104 makeStyles-segmentationHelperText-3"
        >
          Who should see this experiment?
          <br />
          Add optional filters to include or exclude specific target audience segments.
        </p>
        <div
          aria-label="include-or-exclude-segments"
          class="MuiFormGroup-root-112 makeStyles-segmentationExclusionState-5"
          role="radiogroup"
        >
          <label
            class="MuiFormControlLabel-root-114"
          >
            <span
              aria-disabled="false"
              class="MuiButtonBase-root-138 MuiIconButton-root-129 PrivateSwitchBase-root-125 MuiRadio-root-120 MuiRadio-colorSecondary-124 PrivateSwitchBase-checked-126 MuiRadio-checked-121 MuiIconButton-colorSecondary-134"
            >
              <span
                class="MuiIconButton-label-137"
              >
                <input
                  checked=""
                  class="PrivateSwitchBase-input-128"
                  name="mui-28273"
                  type="radio"
                  value="include"
                />
                <div
                  class="PrivateRadioButtonIcon-root-141 PrivateRadioButtonIcon-checked-143"
                >
                  <svg
                    aria-hidden="true"
                    class="MuiSvgIcon-root-91"
                    focusable="false"
                    viewBox="0 0 24 24"
                  >
                    <path
                      d="M12 2C6.48 2 2 6.48 2 12s4.48 10 10 10 10-4.48 10-10S17.52 2 12 2zm0 18c-4.42 0-8-3.58-8-8s3.58-8 8-8 8 3.58 8 8-3.58 8-8 8z"
                    />
                  </svg>
                  <svg
                    aria-hidden="true"
                    class="MuiSvgIcon-root-91 PrivateRadioButtonIcon-layer-142"
                    focusable="false"
                    viewBox="0 0 24 24"
                  >
                    <path
                      d="M8.465 8.465C9.37 7.56 10.62 7 12 7C14.76 7 17 9.24 17 12C17 13.38 16.44 14.63 15.535 15.535C14.63 16.44 13.38 17 12 17C9.24 17 7 14.76 7 12C7 10.62 7.56 9.37 8.465 8.465Z"
                    />
                  </svg>
                </div>
              </span>
              <span
                class="MuiTouchRipple-root-217"
              />
            </span>
            <span
              class="MuiTypography-root-7 MuiFormControlLabel-label-119 MuiTypography-body1-9"
            >
              Include
            </span>
          </label>
          <label
            class="MuiFormControlLabel-root-114"
          >
            <span
              aria-disabled="false"
              class="MuiButtonBase-root-138 MuiIconButton-root-129 PrivateSwitchBase-root-125 MuiRadio-root-120 MuiRadio-colorSecondary-124 MuiIconButton-colorSecondary-134"
            >
              <span
                class="MuiIconButton-label-137"
              >
                <input
                  class="PrivateSwitchBase-input-128"
                  name="mui-28273"
                  type="radio"
                  value="exclude"
                />
                <div
                  class="PrivateRadioButtonIcon-root-141"
                >
                  <svg
                    aria-hidden="true"
                    class="MuiSvgIcon-root-91"
                    focusable="false"
                    viewBox="0 0 24 24"
                  >
                    <path
                      d="M12 2C6.48 2 2 6.48 2 12s4.48 10 10 10 10-4.48 10-10S17.52 2 12 2zm0 18c-4.42 0-8-3.58-8-8s3.58-8 8-8 8 3.58 8 8-3.58 8-8 8z"
                    />
                  </svg>
                  <svg
                    aria-hidden="true"
                    class="MuiSvgIcon-root-91 PrivateRadioButtonIcon-layer-142"
                    focusable="false"
                    viewBox="0 0 24 24"
                  >
                    <path
                      d="M8.465 8.465C9.37 7.56 10.62 7 12 7C14.76 7 17 9.24 17 12C17 13.38 16.44 14.63 15.535 15.535C14.63 16.44 13.38 17 12 17C9.24 17 7 14.76 7 12C7 10.62 7.56 9.37 8.465 8.465Z"
                    />
                  </svg>
                </div>
              </span>
              <span
                class="MuiTouchRipple-root-217"
              />
            </span>
            <span
              class="MuiTypography-root-7 MuiFormControlLabel-label-119 MuiTypography-body1-9"
            >
              Exclude
            </span>
          </label>
        </div>
        <div
          aria-expanded="false"
          class="MuiAutocomplete-root-144 MuiAutocomplete-fullWidth-145 MuiAutocomplete-hasClearIcon-150 MuiAutocomplete-hasPopupIcon-149"
          name="experiment.segmentAssignments"
          role="combobox"
          segmentexclusionstate="include"
        >
          <div
            class="MuiFormControl-root-37 MuiTextField-root-168 MuiFormControl-fullWidth-40"
          >
            <div
              class="MuiInputBase-root-73 MuiOutlinedInput-root-169 MuiAutocomplete-inputRoot-151 MuiInputBase-fullWidth-83 MuiInputBase-formControl-74 MuiInputBase-adornedEnd-78 MuiOutlinedInput-adornedEnd-174"
            >
              <input
                aria-autocomplete="list"
                aria-invalid="false"
                autocapitalize="none"
                autocomplete="off"
                class="MuiInputBase-input-84 MuiOutlinedInput-input-179 MuiAutocomplete-input-152 MuiAutocomplete-inputFocused-153 MuiInputBase-inputAdornedEnd-89 MuiOutlinedInput-inputAdornedEnd-183"
                id="segments-select"
                placeholder="Search and select to customize"
                spellcheck="false"
                type="text"
                value=""
              />
              <div
                class="MuiAutocomplete-endAdornment-154"
              >
                <button
                  aria-label="Clear"
                  class="MuiButtonBase-root-138 MuiIconButton-root-129 MuiAutocomplete-clearIndicator-155"
                  tabindex="-1"
                  title="Clear"
                  type="button"
                >
                  <span
                    class="MuiIconButton-label-137"
                  >
                    <svg
                      aria-hidden="true"
                      class="MuiSvgIcon-root-91 MuiSvgIcon-fontSizeSmall-98"
                      focusable="false"
                      viewBox="0 0 24 24"
                    >
                      <path
                        d="M19 6.41L17.59 5 12 10.59 6.41 5 5 6.41 10.59 12 5 17.59 6.41 19 12 13.41 17.59 19 19 17.59 13.41 12z"
                      />
                    </svg>
                  </span>
                  <span
                    class="MuiTouchRipple-root-217"
                  />
                </button>
                <button
                  aria-label="Open"
                  class="MuiButtonBase-root-138 MuiIconButton-root-129 MuiAutocomplete-popupIndicator-157"
                  tabindex="-1"
                  title="Open"
                  type="button"
                >
                  <span
                    class="MuiIconButton-label-137"
                  >
                    <svg
                      aria-hidden="true"
                      class="MuiSvgIcon-root-91"
                      focusable="false"
                      viewBox="0 0 24 24"
                    >
                      <path
                        d="M7 10l5 5 5-5z"
                      />
                    </svg>
                  </span>
                  <span
                    class="MuiTouchRipple-root-217"
                  />
                </button>
              </div>
              <fieldset
                aria-hidden="true"
                class="PrivateNotchedOutline-root-184 MuiOutlinedInput-notchedOutline-178"
                style="padding-left: 8px;"
              >
                <legend
                  class="PrivateNotchedOutline-legend-185"
                  style="width: 0.01px;"
                >
                  <span>
                    ​
                  </span>
                </legend>
              </fieldset>
            </div>
          </div>
        </div>
      </fieldset>
    </div>
    <div
      class="makeStyles-row-2"
    >
      <fieldset
        class="MuiFormControl-root-37 makeStyles-segmentationFieldSet-4"
      >
        <label
          class="MuiFormLabel-root-41"
          for="variations-select"
        >
          Variations
        </label>
        <p
          class="MuiFormHelperText-root-104 makeStyles-segmentationHelperText-3"
        >
          Define the percentages to include in the experiment.
          <br />
          Use “control” for the default (fallback) experience.
        </p>
        <div
          class="MuiTableContainer-root-188"
        >
          <table
            class="MuiTable-root-189"
          >
            <thead
              class="MuiTableHead-root-191"
            >
              <tr
                class="MuiTableRow-root-192 MuiTableRow-head-195"
              >
                <th
                  class="MuiTableCell-root-197 MuiTableCell-head-198"
                  scope="col"
                >
                   Name 
                </th>
                <th
                  class="MuiTableCell-root-197 MuiTableCell-head-198"
                  scope="col"
                >
                   Allocated Percentage 
                </th>
              </tr>
            </thead>
            <tbody
              class="MuiTableBody-root-209"
            >
              <tr
                class="MuiTableRow-root-192"
              >
                <td
                  class="MuiTableCell-root-197 MuiTableCell-body-199"
                >
                  control
                </td>
                <td
                  class="MuiTableCell-root-197 MuiTableCell-body-199"
                >
                  <div
                    class="MuiFormControl-root-37 MuiTextField-root-168 makeStyles-variationAllocatedPercentage-6"
                  >
                    <div
                      class="MuiInputBase-root-73 MuiOutlinedInput-root-169 MuiInputBase-formControl-74 MuiInputBase-adornedEnd-78 MuiOutlinedInput-adornedEnd-174 MuiInputBase-marginDense-80 MuiOutlinedInput-marginDense-176"
                    >
                      <input
                        aria-invalid="false"
                        class="MuiInputBase-input-84 MuiOutlinedInput-input-179 MuiInputBase-inputAdornedEnd-89 MuiOutlinedInput-inputAdornedEnd-183 MuiInputBase-inputMarginDense-85 MuiOutlinedInput-inputMarginDense-180"
                        max="99"
                        min="1"
                        name="experiment.variations[0].allocatedPercentage"
                        required=""
                        type="number"
                        value="50"
                      />
                      <div
                        class="MuiInputAdornment-root-210 MuiInputAdornment-positionEnd-213 MuiInputAdornment-marginDense-216"
                      >
                        <p
                          class="MuiTypography-root-7 MuiTypography-body1-9 MuiTypography-colorTextSecondary-33"
                        >
                          %
                        </p>
                      </div>
                      <fieldset
                        aria-hidden="true"
                        class="PrivateNotchedOutline-root-184 MuiOutlinedInput-notchedOutline-178"
                        style="padding-left: 8px;"
                      >
                        <legend
                          class="PrivateNotchedOutline-legend-185"
                          style="width: 0.01px;"
                        >
                          <span>
                            ​
                          </span>
                        </legend>
                      </fieldset>
                    </div>
                  </div>
                </td>
              </tr>
              <tr
                class="MuiTableRow-root-192"
              >
                <td
                  class="MuiTableCell-root-197 MuiTableCell-body-199"
                >
                  treatment
                </td>
                <td
                  class="MuiTableCell-root-197 MuiTableCell-body-199"
                >
                  <div
                    class="MuiFormControl-root-37 MuiTextField-root-168 makeStyles-variationAllocatedPercentage-6"
                  >
                    <div
                      class="MuiInputBase-root-73 MuiOutlinedInput-root-169 MuiInputBase-formControl-74 MuiInputBase-adornedEnd-78 MuiOutlinedInput-adornedEnd-174 MuiInputBase-marginDense-80 MuiOutlinedInput-marginDense-176"
                    >
                      <input
                        aria-invalid="false"
                        class="MuiInputBase-input-84 MuiOutlinedInput-input-179 MuiInputBase-inputAdornedEnd-89 MuiOutlinedInput-inputAdornedEnd-183 MuiInputBase-inputMarginDense-85 MuiOutlinedInput-inputMarginDense-180"
                        max="99"
                        min="1"
                        name="experiment.variations[1].allocatedPercentage"
                        required=""
                        type="number"
                        value="50"
                      />
                      <div
                        class="MuiInputAdornment-root-210 MuiInputAdornment-positionEnd-213 MuiInputAdornment-marginDense-216"
                      >
                        <p
                          class="MuiTypography-root-7 MuiTypography-body1-9 MuiTypography-colorTextSecondary-33"
                        >
                          %
                        </p>
                      </div>
                      <fieldset
                        aria-hidden="true"
                        class="PrivateNotchedOutline-root-184 MuiOutlinedInput-notchedOutline-178"
                        style="padding-left: 8px;"
                      >
                        <legend
                          class="PrivateNotchedOutline-legend-185"
                          style="width: 0.01px;"
                        >
                          <span>
                            ​
                          </span>
                        </legend>
                      </fieldset>
                    </div>
                  </div>
                </td>
              </tr>
            </tbody>
          </table>
        </div>
      </fieldset>
    </div>
  </div>
</div>
`;
